################################################################################
#                                                                              #
#      IAR Universal Linker V6.5.4.100                                         #
#                                                                              #
#           Link time     =  17/Dec/2020  00:41:07                             #
#           Target CPU    =  x51                                               #
#           List file     =  C:\Users\g505857\Workspace\D6T\E18\serial\Debug\L #
#                            ist\E18.map                                       #
#           Output file 1 =  C:\Users\g505857\Workspace\D6T\E18\serial\Debug\E #
#                            xe\E18.hex                                        #
#                            Format: intel-standard                            #
#           Command line  =  -f                                                #
#                            C:\Users\g505857\AppData\Local\Temp\EW1F1B.tmp    #
#                            (C:\Users\g505857\Workspace\D6T\E18\serial\Debug\ #
#                            Obj\main.r51                                      #
#                            -o                                                #
#                            C:\Users\g505857\Workspace\D6T\E18\serial\Debug\E #
#                            xe\E18.hex                                        #
#                            -Fintel-standard -l                               #
#                            C:\Users\g505857\Workspace\D6T\E18\serial\Debug\L #
#                            ist\E18.map                                       #
#                            -xms                                              #
#                            "-IC:\Program Files (x86)\IAR Systems\Embedded Wo #
#                            rkbench 8.1\8051\LIB\"                            #
#                            -f                                                #
#                            "C:\Program Files (x86)\IAR Systems\Embedded Work #
#                            bench 8.1\8051\config\devices\Texas Instruments\l #
#                            nk51ew_CC2530F256_banked.xcl"                     #
#                            (-D_IDATA0_START=0x00 -D_IDATA0_END=0xFF          #
#                            -D_PDATA0_START=0x1E00 -D_PDATA0_END=0x1EFF       #
#                            -D_IXDATA0_START=0x0001 -D_IXDATA0_END=0x1EFF     #
#                            -D_XDATA0_START=_IXDATA0_START                    #
#                            -D_XDATA0_END=_IXDATA0_END                        #
#                            -D_NEAR_CODE_START=0x0000                         #
#                            -D_FIRST_BANK_ADDR=0x10000 -D?REGISTER_BANK=0x0   #
#                            -D_REGISTER_BANK_START=0x0 -D_BREG_START=0x00     #
#                            -D?VB=0x20 -Z(BIT)BREG=_BREG_START                #
#                            -Z(BIT)BIT_N=0-7F                                 #
#                            -Z(DATA)REGISTERS+8=_REGISTER_BANK_START          #
#                            -Z(DATA)BDATA_Z,BDATA_N,BDATA_I=20-2F             #
#                            -Z(DATA)VREG=08-7F -Z(DATA)PSP,XSP=08-7F          #
#                            -Z(DATA)DOVERLAY=08-7F                            #
#                            -Z(DATA)DATA_I,DATA_Z,DATA_N=08-7F                #
#                            -U(IDATA)0-7F=(DATA)0-7F                          #
#                            -Z(IDATA)IDATA_I,IDATA_Z,IDATA_N=08-_IDATA0_END   #
#                            -Z(IDATA)ISTACK+_IDATA_STACK_SIZE#08-_IDATA0_END  #
#                            -Z(IDATA)IOVERLAY=08-FF -Z(CODE)INTVEC=0          #
#                            -Z(CODE)CSTART=_NEAR_CODE_START-(_CODEBANK_START- #
#                            1)                                                #
#                            -Z(CODE)BIT_ID,BDATA_ID,DATA_ID,IDATA_ID,IXDATA_I #
#                            D,PDATA_ID,XDATA_ID=_NEAR_CODE_START-(_CODEBANK_S #
#                            TART-1)                                           #
#                            -Z(CODE)BANK_RELAYS,RCODE,DIFUNCT,CODE_C,CODE_N,N #
#                            EAR_CODE=_NEAR_CODE_START-(_CODEBANK_START-1)     #
#                            -P(CODE)BANKED_CODE=_NEAR_CODE_START-(_CODEBANK_S #
#                            TART-1),[(_CODEBANK_START+_FIRST_BANK_ADDR)-(_COD #
#                            EBANK_END+_FIRST_BANK_ADDR)]*_NR_OF_BANKS+10000   #
#                            -Z(CODE)CHECKSUM#(_CODEBANK_START-1)              #
#                            -Z(XDATA)PDATA_Z,PDATA_I=_PDATA0_START-_PDATA0_EN #
#                            D                                                 #
#                            -P(XDATA)PDATA_N=_PDATA0_START-_PDATA0_END        #
#                            -Z(XDATA)PSTACK+_PDATA_STACK_SIZE=_PDATA0_START-_ #
#                            PDATA0_END                                        #
#                            -Z(XDATA)EXT_STACK+_EXTENDED_STACK_SIZE=_EXTENDED #
#                            _STACK_START                                      #
#                            -Z(XDATA)XSTACK+_XDATA_STACK_SIZE=_XDATA0_START-_ #
#                            XDATA0_END                                        #
#                            -Z(XDATA)IXDATA_Z,IXDATA_I=_IXDATA0_START-_IXDATA #
#                            0_END                                             #
#                            -P(XDATA)IXDATA_N=_IXDATA0_START-_IXDATA0_END     #
#                            -Z(XDATA)XDATA_Z,XDATA_I=_XDATA0_START-_XDATA0_EN #
#                            D                                                 #
#                            -P(XDATA)XDATA_N=_XDATA0_START-_XDATA0_END        #
#                            -Z(XDATA)XDATA_HEAP+_XDATA_HEAP_SIZE=_XDATA0_STAR #
#                            T-_XDATA0_END                                     #
#                            -Z(CONST)XDATA_ROM_C=_XDATA0_START-_XDATA0_END    #
#                            -cx51                                             #
#                            -M(CODE)[(_CODEBANK_START+_FIRST_BANK_ADDR)-(_COD #
#                            EBANK_END+_FIRST_BANK_ADDR)]*_NR_OF_BANKS+0x10000 #
#                            =0x8000                                           #
#                            -ww69=i -D_BANK0_START=0x00000                    #
#                            -D_BANK0_END=0x07FFF -D_BANK1_START=0x18000       #
#                            -D_BANK1_END=0x1FFFF -D_BANK2_START=0x28000       #
#                            -D_BANK2_END=0x2FFFF -D_BANK3_START=0x38000       #
#                            -D_BANK3_END=0x3FFFF -D_BANK4_START=0x48000       #
#                            -D_BANK4_END=0x4FFFF -D_BANK5_START=0x58000       #
#                            -D_BANK5_END=0x5FFFF -D_BANK6_START=0x68000       #
#                            -D_BANK6_END=0x6FFFF -D_BANK7_START=0x78000       #
#                            -D_BANK7_END=0x7FFFF                              #
#                            -P(CODE)BANK0=_BANK0_START-_BANK0_END             #
#                            -P(CODE)BANK1=_BANK1_START-_BANK1_END             #
#                            -P(CODE)BANK2=_BANK2_START-_BANK2_END             #
#                            -P(CODE)BANK3=_BANK3_START-_BANK3_END             #
#                            -P(CODE)BANK4=_BANK4_START-_BANK4_END             #
#                            -P(CODE)BANK5=_BANK5_START-_BANK5_END             #
#                            -P(CODE)BANK6=_BANK6_START-_BANK6_END             #
#                            -P(CODE)BANK7=_BANK7_START-_BANK7_END             #
#                            -D_FLASH_LOCK_BITS_START=0x7FFF0                  #
#                            -D_FLASH_LOCK_BITS_END=0x7FFFF                    #
#                            -Z(CODE)FLASH_LOCK_BITS=_FLASH_LOCK_BITS_START-_F #
#                            LASH_LOCK_BITS_END                                #
#                            -U(CODE)0x0000=(CODE)_FLASH_LOCK_BITS_START-_FLAS #
#                            H_LOCK_BITS_END)                                  #
#                            "-IC:\Program Files (x86)\IAR Systems\Embedded Wo #
#                            rkbench 8.1\8051\CONFIG\"                         #
#                            -D_NR_OF_VIRTUAL_REGISTERS=8 -D?PBANK=0x93        #
#                            -D?CBANK=0x9F -D?CBANK_MASK=0xFF                  #
#                            -e?BCALL_FF=?BCALL -e?BRET_FF=?BRET               #
#                            -e?BDISPATCH_FF=?BDISPATCH                        #
#                            -D_CODEBANK_START=0x8000 -D_CODEBANK_END=0xFFFF   #
#                            -D_NR_OF_BANKS=0x07 -s __program_start            #
#                            "C:\Program Files (x86)\IAR Systems\Embedded Work #
#                            bench 8.1\8051\LIB\CLIB\cl-pli-blxd-1e16x01.r51"  #
#                            -D_IDATA_STACK_SIZE=0x40 -D?ESP=0 -D?ESP_MASK=0   #
#                            -D_EXTENDED_STACK_START=0                         #
#                            -D_EXTENDED_STACK_SIZE=0                          #
#                            -D_PDATA_STACK_SIZE=0x80                          #
#                            -D_XDATA_STACK_SIZE=0xEFF                         #
#                            -D_XDATA_HEAP_SIZE=0xFF -D_FAR_HEAP_SIZE=0xFFF    #
#                            -D_HUGE_HEAP_SIZE=0xFFF                           #
#                            -D_FAR22_HEAP_SIZE=0xFFF)                         #
#                                                                              #
#                           Copyright (C) 1987-2018 IAR Systems AB.            #
################################################################################





                ****************************************
                *                                      *
                *           CROSS REFERENCE            *
                *                                      *
                ****************************************

       Program entry at : CODE      0000001E  Relocatable, from module : CSTARTUP




                ****************************************
                *                                      *
                *            RUNTIME MODEL             *
                *                                      *
                ****************************************

  __SystemLibrary          = CLib
  __calling_convention     = xdata_reentrant
  __code_model             = banked
  __core                   = plain
  __data_model             = large
  __dptr_size              = 16
  __extended_stack         = disabled
  __location_for_constants = data
  __number_of_dptrs        = 1
  __register_banks         = *
  __rt_version             = 1

                ****************************************
                *                                      *
                *    AUTOMATIC SYMBOL REDIRECTIONS     *
                *                                      *
                ****************************************

                  There are no automatic symbol redirections.



                ****************************************
                *                                      *
                *              MODULE MAP              *
                *                                      *
                ****************************************


  DEFINED ABSOLUTE ENTRIES
    *************************************************************************

  DEFINED ABSOLUTE ENTRIES
  PROGRAM MODULE, NAME : ?ABS_ENTRY_MOD

Absolute parts
           ENTRY                   ADDRESS         REF BY
           =====                   =======         ======
           _FAR22_HEAP_SIZE        00000FFF 
           _HUGE_HEAP_SIZE         00000FFF 
           _FAR_HEAP_SIZE          00000FFF 
           _XDATA_HEAP_SIZE        000000FF 
           _XDATA_STACK_SIZE       00000EFF 
           _PDATA_STACK_SIZE       00000080 
           _EXTENDED_STACK_SIZE    00000000 
           _EXTENDED_STACK_START   00000000 
           ?ESP_MASK               00000000 
           ?ESP                    00000000 
           _IDATA_STACK_SIZE       00000040 
           _NR_OF_BANKS            00000007 
           _CODEBANK_END           0000FFFF 
           _CODEBANK_START         00008000 
           ?CBANK_MASK             000000FF 
           ?CBANK                  0000009F        ?RESET_CODE_BANK (CSTARTUP)
                                                   Segment part 0 (?BANKED_CODE_SUPPORT)
           ?PBANK                  00000093 
           _NR_OF_VIRTUAL_REGISTERS
                                   00000008 
           _FLASH_LOCK_BITS_END    0003FFFF 
           _FLASH_LOCK_BITS_START
                                   0003FFF0 
           _BANK7_END              0003FFFF 
           _BANK7_START            00038000 
           _BANK6_END              00037FFF 
           _BANK6_START            00030000 
           _BANK5_END              0002FFFF 
           _BANK5_START            00028000 
           _BANK4_END              00027FFF 
           _BANK4_START            00020000 
           _BANK3_END              0001FFFF 
           _BANK3_START            00018000 
           _BANK2_END              00017FFF 
           _BANK2_START            00010000 
           _BANK1_END              0000FFFF 
           _BANK1_START            00008000 
           _BANK0_END              00007FFF 
           _BANK0_START            00000000 
           ?VB                     00000020 
           _BREG_START             00000000 
           _REGISTER_BANK_START    00000000 
           ?REGISTER_BANK          00000000        Segment part 6 (CSTARTUP)
           _FIRST_BANK_ADDR        00010000 
           _NEAR_CODE_START        00000000 
           _XDATA0_END             00001EFF 
           _XDATA0_START           00000001 
           _IXDATA0_END            00001EFF 
           _IXDATA0_START          00000001 
           _PDATA0_END             00001EFF 
           _PDATA0_START           00001E00 
           _IDATA0_END             000000FF 
           _IDATA0_START           00000000 
    *************************************************************************

  FILE NAME : C:\Users\g505857\Workspace\D6T\E18\serial\Debug\Obj\main.r51
  PROGRAM MODULE, NAME : main

  SEGMENTS IN THE MODULE
  ======================
SFR_AN
  Relative segment, address: DATA 00000086 - 00000086 (0x1 bytes), align: 0
  Segment part 1. ROOT        Intra module refs:   initUart0
                                                   main
           ENTRY                   ADDRESS         REF BY
           =====                   =======         ======
           _A_U0CSR                00000086 
           LOCAL                   ADDRESS         
           =====                   =======         
           U0CSR                   00000086 
    -------------------------------------------------------------------------
SFR_AN
  Relative segment, address: DATA 00000090 - 00000090 (0x1 bytes), align: 0
  Segment part 2. ROOT        Intra module refs:   main
           ENTRY                   ADDRESS         REF BY
           =====                   =======         ======
           _A_P1                   00000090 
           LOCAL                   ADDRESS         
           =====                   =======         
           P1                      00000090 
    -------------------------------------------------------------------------
SFR_AN
  Relative segment, address: DATA 0000009A - 0000009A (0x1 bytes), align: 0
  Segment part 3. ROOT        Intra module refs:   initUart0
           ENTRY                   ADDRESS         REF BY
           =====                   =======         ======
           IEN2                    0000009A 
    -------------------------------------------------------------------------
SFR_AN
  Relative segment, address: DATA 0000009E - 0000009E (0x1 bytes), align: 0
  Segment part 4. ROOT        Intra module refs:   init32MhzClock
           ENTRY                   ADDRESS         REF BY
           =====                   =======         ======
           CLKCONSTA               0000009E 
    -------------------------------------------------------------------------
SFR_AN
  Relative segment, address: DATA 000000A8 - 000000A8 (0x1 bytes), align: 0
  Segment part 5. ROOT        Intra module refs:   initUart0
           ENTRY                   ADDRESS         REF BY
           =====                   =======         ======
           IEN0                    000000A8 
    -------------------------------------------------------------------------
SFR_AN
  Relative segment, address: DATA 000000BE - 000000BE (0x1 bytes), align: 0
  Segment part 6. ROOT        Intra module refs:   init32MhzClock
           ENTRY                   ADDRESS         REF BY
           =====                   =======         ======
           SLEEPCMD                000000BE 
    -------------------------------------------------------------------------
SFR_AN
  Relative segment, address: DATA 000000C1 - 000000C1 (0x1 bytes), align: 0
  Segment part 7. ROOT        Intra module refs:   main
           ENTRY                   ADDRESS         REF BY
           =====                   =======         ======
           U0DBUF                  000000C1 
    -------------------------------------------------------------------------
SFR_AN
  Relative segment, address: DATA 000000C2 - 000000C2 (0x1 bytes), align: 0
  Segment part 8. ROOT        Intra module refs:   initUart0
           ENTRY                   ADDRESS         REF BY
           =====                   =======         ======
           U0BAUD                  000000C2 
    -------------------------------------------------------------------------
SFR_AN
  Relative segment, address: DATA 000000C5 - 000000C5 (0x1 bytes), align: 0
  Segment part 9. ROOT        Intra module refs:   initUart0
           ENTRY                   ADDRESS         REF BY
           =====                   =======         ======
           U0GCR                   000000C5 
    -------------------------------------------------------------------------
SFR_AN
  Relative segment, address: DATA 000000C6 - 000000C6 (0x1 bytes), align: 0
  Segment part 10. ROOT       Intra module refs:   init32MhzClock
           ENTRY                   ADDRESS         REF BY
           =====                   =======         ======
           CLKCONCMD               000000C6 
    -------------------------------------------------------------------------
SFR_AN
  Relative segment, address: DATA 000000E8 - 000000E8 (0x1 bytes), align: 0
  Segment part 11. ROOT       Intra module refs:   initUart0
                                                   main
           ENTRY                   ADDRESS         REF BY
           =====                   =======         ======
           _A_IRCON2               000000E8 
           LOCAL                   ADDRESS         
           =====                   =======         
           IRCON2                  000000E8 
    -------------------------------------------------------------------------
SFR_AN
  Relative segment, address: DATA 000000F1 - 000000F1 (0x1 bytes), align: 0
  Segment part 12. ROOT       Intra module refs:   initUart0
           ENTRY                   ADDRESS         REF BY
           =====                   =======         ======
           PERCFG                  000000F1 
    -------------------------------------------------------------------------
SFR_AN
  Relative segment, address: DATA 000000F4 - 000000F4 (0x1 bytes), align: 0
  Segment part 13. ROOT       Intra module refs:   initUart0
           ENTRY                   ADDRESS         REF BY
           =====                   =======         ======
           P1SEL                   000000F4 
    -------------------------------------------------------------------------
SFR_AN
  Relative segment, address: DATA 000000F5 - 000000F5 (0x1 bytes), align: 0
  Segment part 14. ROOT       Intra module refs:   initUart0
           ENTRY                   ADDRESS         REF BY
           =====                   =======         ======
           P2SEL                   000000F5 
    -------------------------------------------------------------------------
SFR_AN
  Relative segment, address: DATA 000000FE - 000000FE (0x1 bytes), align: 0
  Segment part 15. ROOT       Intra module refs:   main
           ENTRY                   ADDRESS         REF BY
           =====                   =======         ======
           _A_P1DIR                000000FE 
           LOCAL                   ADDRESS         
           =====                   =======         
           P1DIR                   000000FE 
    -------------------------------------------------------------------------
<BANKED_CODE> 1 (was BANKED_CODE)
  Relative segment, address: CODE 0000005A - 0000009A (0x41 bytes), align: 0
  Segment part 21.
           ENTRY                   ADDRESS         REF BY
           =====                   =======         ======
           main                    0000005A        ?call_main (?cmain)
               calls direct
    -------------------------------------------------------------------------
<BANKED_CODE> 1 (was BANKED_CODE)
  Relative segment, address: CODE 0000009B - 000000C1 (0x27 bytes), align: 0
  Segment part 23.            Intra module refs:   delayms::?relay
           ENTRY                   ADDRESS         REF BY
           =====                   =======         ======
           delayms                 0000009B 
    -------------------------------------------------------------------------
<BANKED_CODE> 1 (was BANKED_CODE)
  Relative segment, address: CODE 000000C2 - 000000D9 (0x18 bytes), align: 0
  Segment part 25.            Intra module refs:   init32MhzClock::?relay
           ENTRY                   ADDRESS         REF BY
           =====                   =======         ======
           init32MhzClock          000000C2 
    -------------------------------------------------------------------------
<BANKED_CODE> 1 (was BANKED_CODE)
  Relative segment, address: CODE 000000DA - 000000F6 (0x1d bytes), align: 0
  Segment part 27.            Intra module refs:   initUart0::?relay
           ENTRY                   ADDRESS         REF BY
           =====                   =======         ======
           initUart0               000000DA 
    -------------------------------------------------------------------------
BANK_RELAYS
  Relative segment, address: CODE 00000048 - 0000004D (0x6 bytes), align: 0
  Segment part 24.            Intra module refs:   main
           ENTRY                   ADDRESS         REF BY
           =====                   =======         ======
           delayms::?relay         00000048 
    -------------------------------------------------------------------------
BANK_RELAYS
  Relative segment, address: CODE 0000004E - 00000053 (0x6 bytes), align: 0
  Segment part 26.            Intra module refs:   main
           ENTRY                   ADDRESS         REF BY
           =====                   =======         ======
           init32MhzClock::?relay
                                   0000004E 
    -------------------------------------------------------------------------
BANK_RELAYS
  Relative segment, address: CODE 00000054 - 00000059 (0x6 bytes), align: 0
  Segment part 28.            Intra module refs:   main
           ENTRY                   ADDRESS         REF BY
           =====                   =======         ======
           initUart0::?relay       00000054 

    *************************************************************************

  FILE NAME : C:\Program Files (x86)\IAR Systems\Embedded Workbench 8.1\8051\LIB\CLIB\cl-pli-blxd-1e16x01.r51
  LIBRARY MODULE, NAME : ?cexit

  SEGMENTS IN THE MODULE
  ======================
CSTART
  Relative segment, address: CODE 00000003 - 00000007 (0x5 bytes), align: 0
  Segment part 0.
           ENTRY                   ADDRESS         REF BY
           =====                   =======         ======
           exit                    00000003        ?call_main (?cmain)
           ?C_EXIT                 00000003 
           ?ROM_MONITOR_NOPS       00000003 

    -------------------------------------------------------------------------
  LIBRARY MODULE, NAME : ?cmain

  SEGMENTS IN THE MODULE
  ======================
CSTART
  Relative segment, address: CODE 00000008, align: 0
  Segment part 5.
           ENTRY                   ADDRESS         REF BY
           =====                   =======         ======
           ?cmain                  00000008        Segment part 13 (CSTARTUP)
               calls direct
    -------------------------------------------------------------------------
CSTART
  Relative segment, address: CODE 00000008 - 0000001D (0x16 bytes), align: 0
  Segment part 38.            Intra module refs:   ?cmain
           ENTRY                   ADDRESS         REF BY
           =====                   =======         ======
           ?call_main              00000008 

    -------------------------------------------------------------------------
  LIBRARY MODULE, NAME : CSTARTUP

  SEGMENTS IN THE MODULE
  ======================
REGISTERS
  Relative segment, address: DATA 00000000, align: 0
  Segment part 0.             Intra module refs:   Segment part 6
           ENTRY                   ADDRESS         REF BY
           =====                   =======         ======
           ?REGISTERS              00000000 
    -------------------------------------------------------------------------
ISTACK
  Relative segment, address: IDATA 000000C0, align: 0
  Segment part 1.             Intra module refs:   Segment part 6
           ENTRY                   ADDRESS         REF BY
           =====                   =======         ======
           ?ISTACK_START           000000C0 
    -------------------------------------------------------------------------
INTVEC
  Common segment, address: CODE 00000000 - 00000002 (0x3 bytes), align: 0
  Segment part 5. ROOT        Intra module refs:   Segment part 6
    -------------------------------------------------------------------------
CSTART
  Relative segment, address: CODE 0000001E - 00000023 (0x6 bytes), align: 0
  Segment part 6. ROOT        Intra module refs:   Segment part 5
           ENTRY                   ADDRESS         REF BY
           =====                   =======         ======
           __program_start         0000001E        Absolute parts (?ABS_ENTRY_MOD)
           ?RESET_SP               00000021 
    -------------------------------------------------------------------------
CSTART
  Relative segment, address: CODE 00000024 - 00000026 (0x3 bytes), align: 0
  Segment part 9.
           ENTRY                   ADDRESS         REF BY
           =====                   =======         ======
           ?RESET_CODE_BANK        00000024        Absolute parts (?BANKED_CODE_SUPPORT)
    -------------------------------------------------------------------------
CSTART
  Relative segment, address: CODE 00000027 - 00000029 (0x3 bytes), align: 0
  Segment part 13.            Intra module refs:   Absolute parts

    -------------------------------------------------------------------------
  LIBRARY MODULE, NAME : VIRTUAL_REGISTERS

  SEGMENTS IN THE MODULE
  ======================
BREG
  Relative segment, address: BIT 00000020.0 - 00000020.7 (0x8 bits), align: 0
  Segment part 0.
           ENTRY                   ADDRESS         REF BY
           =====                   =======         ======
           ?B0                     00000020.0      Absolute parts (CSTARTUP)

    -------------------------------------------------------------------------
  LIBRARY MODULE, NAME : ?BANKED_CODE_SUPPORT

  SEGMENTS IN THE MODULE
  ======================
CSTART
  Relative segment, address: CODE 0000002A - 00000047 (0x1e bytes), align: 0
  Segment part 0.
           ENTRY                   ADDRESS         REF BY
           =====                   =======         ======
           ?BCALL_FF               0000002A        ?call_main (?cmain)
           ?BRET_FF                00000030        delayms (main)
                                                   init32MhzClock (main)
                                                   initUart0 (main)
           ?BDISPATCH_FF           00000033        delayms::?relay (main)
                                                   init32MhzClock::?relay (main)
                                                   initUart0::?relay (main)




                ****************************************
                *                                      *
                *      SEGMENTS IN ADDRESS ORDER       *
                *                                      *
                ****************************************


SEGMENT              SPACE    START ADDRESS   END ADDRESS     SIZE  TYPE  ALIGN
=======              =====    =============   ===========     ====  ====  =====
INTVEC               CODE          00000000 - 00000002           3   com    0
CSTART               CODE          00000003 - 00000047          45   rel    0
BANK_RELAYS          CODE          00000048 - 00000059          12   rel    0
<BANKED_CODE> 1      CODE          0000005A - 000000F6          9D   rel    0
REGISTERS            DATA          00000000 - 00000007           8   rel    0
BREG                 BIT        00000020.0  -  00000020.7        8   rel    0
SFR_AN               DATA          00000086 - 00000086           1   rel    0
                     DATA          00000090 - 00000090           1 
                     DATA          0000009A - 0000009A           1 
                     DATA          0000009E - 0000009E           1 
                     DATA          000000A8 - 000000A8           1 
                     DATA          000000BE - 000000BE           1 
                     DATA          000000C1 - 000000C2           2 
                     DATA          000000C5 - 000000C6           2 
                     DATA          000000E8 - 000000E8           1 
                     DATA          000000F1 - 000000F1           1 
                     DATA          000000F4 - 000000F5           2 
                     DATA          000000FE - 000000FE           1 
ISTACK               IDATA         000000C0 - 000000FF          40   rel    0

                ****************************************
                *                                      *
                *        END OF CROSS REFERENCE        *
                *                                      *
                ****************************************

 247 bytes of CODE  memory
   8 bytes of DATA  memory (+ 15 absolute )
  64 bytes of IDATA memory
   8 bits  of BIT   memory

Errors: none
Warnings: none

